// Jest Snapshot v1, https://goo.gl/fbAQLP

exports[`Prueba de login debe de mostrarse correctamente 1`] = `
<div
  className="container my-3"
>
  <h1>
    Login
  </h1>
  <hr />
  <button
    className="btn btn-primary"
    onClick={[Function]}
  >
    Login
  </button>
</div>
`;
